Starting Metro Bundler

Android Bundled 93341ms node_modules/expo/AppEntry.js (2288 modules)
Creating asset map

› Assets (700):
assets/characters/axolotl/idle.png (188KB)
assets/characters/axolotl/robed_talk.png (158KB)
assets/characters/axolotl/robed.png (204KB)
assets/characters/aye_aye/idle.png (71KB)
assets/characters/aye_aye/robed_talk.png (80KB)
assets/characters/aye_aye/robed.png (81KB)
assets/characters/aye_aye/talk.png (75KB)
assets/characters/capybara/idle.png (121KB)
assets/characters/capybara/robed_talk.png (94KB)
assets/characters/capybara/robed.png (123KB)
assets/characters/capybara/talk.png (122KB)
assets/characters/fennec_fox/idle.png (168KB)
assets/characters/fennec_fox/robed_talk.png (125KB)
assets/characters/fennec_fox/robed.png (165KB)
assets/characters/fennec_fox/talk.png (171KB)
assets/characters/fox/idle.png (107KB)
assets/characters/fox/robed_talk.png (76KB)
assets/characters/fox/robed.png (100KB)
assets/characters/fox/talk.png (109KB)
assets/characters/fox/walk_0.png (6.9KB)
assets/characters/fox/walk_1.png (7KB)
assets/characters/fox/walk_2.png (6.8KB)
assets/characters/fox/walk_3.png (6.5KB)
assets/characters/fox/walk_4.png (6.5KB)
assets/characters/fox/walk_5.png (6.6KB)
assets/characters/fox/walk_6.png (6.5KB)
assets/characters/fox/walk_7.png (6.5KB)
assets/characters/fox/walk_8.png (6.6KB)
assets/characters/fox/walk_9.png (6.6KB)
assets/characters/kakapo/idle.png (58KB)
assets/characters/kakapo/robed_talk.png (49KB)
assets/characters/kakapo/robed.png (49KB)
assets/characters/kakapo/talk.png (68KB)
assets/characters/owl/idle.png (106KB)
assets/characters/owl/robed_talk.png (74KB)
assets/characters/owl/robed.png (99KB)
assets/characters/owl/talk.png (108KB)
assets/characters/pangolin/idle.png (104KB)
assets/characters/pangolin/robed_talk.png (78KB)
assets/characters/pangolin/robed.png (103KB)
assets/characters/pangolin/talk.png (107KB)
assets/characters/rabbit/idle.png (116KB)
assets/characters/rabbit/robed_talk.png (87KB)
assets/characters/rabbit/robed.png (112KB)
assets/characters/rabbit/talk.png (118KB)
assets/characters/red_panda/idle.png (126KB)
assets/characters/red_panda/robed_talk.png (86KB)
assets/characters/red_panda/robed.png (111KB)
assets/characters/red_panda/talk.png (127KB)
assets/characters/sloth/idle.png (152KB)
assets/characters/sloth/robed_talk.png (96KB)
assets/characters/sloth/robed.png (124KB)
assets/characters/sloth/talk.png (156KB)
assets/characters/tarsier/idle.png (46KB)
assets/characters/tarsier/robed_talk.png (42KB)
assets/characters/tarsier/robed.png (42KB)
assets/characters/tarsier/talk.png (49KB)
assets/characters/wombat/idle.png (115KB)
assets/characters/wombat/robed_talk.png (78KB)
assets/characters/wombat/robed.png (98KB)
assets/characters/wombat/talk.png (76KB)
assets/environment/foundation_0.png (256KB)
assets/environment/foundation_1.png (246KB)
assets/environment/foundation_2.png (220KB)
assets/environment/foundation_3.png (193KB)
assets/environment/foundation_4.png (215KB)
assets/environment/foundation_5.png (193KB)
assets/environment/house_shadow.png (4.7KB)
assets/environment/pit_entrance.png (290KB)
assets/environment/pitt_afternoon.webp (418KB)
assets/environment/pitt_day.webp (469KB)
assets/environment/pitt_dusk.webp (377KB)
assets/environment/pitt_night.webp (292KB)
assets/environment/pitt_peace.webp (270KB)
assets/environment/roof.png (282KB)
assets/environment/shadow_figure.png (136KB)
assets/environment/sky_afternoon.webp (434KB)
assets/environment/sky_day.webp (390KB)
assets/environment/sky_dusk.webp (330KB)
assets/environment/sky_peace.webp (186KB)
assets/environment/sky_shadow.webp (198KB)
assets/environment/sky_storm.webp (202KB)
assets/environment/wall_edge_shadow.png (144B)
assets/environment/wall.png (512KB)
assets/fonts/EpundaSlab-Bold.ttf (54KB)
assets/fonts/EpundaSlab-BoldItalic.ttf (55KB)
assets/fonts/EpundaSlab-Italic.ttf (55KB)
assets/fonts/EpundaSlab-Regular.ttf (53KB)
assets/fonts/Figtree-Bold.ttf (40KB)
assets/fonts/Figtree-Regular.ttf (40KB)
assets/icon.png (1.3MB)
assets/rooms/aquarium.png (863KB)
assets/rooms/bamboo.png (816KB)
assets/rooms/burrow.png (694KB)
assets/rooms/cozy_den.png (703KB)
assets/rooms/desert.png (913KB)
assets/rooms/garden.png (805KB)
assets/rooms/jungle.png (1.1MB)
assets/rooms/kitchen.png (791KB)
assets/rooms/observatory.png (1.1MB)
assets/rooms/office.png (1MB)
assets/rooms/rainforest.png (1.3MB)
assets/rooms/study.png (730KB)
assets/rooms/windows/cozy_den.png (844B)
assets/rooms/windows/desert.png (2.2KB)
assets/rooms/windows/garden.png (3.8KB)
assets/rooms/windows/jungle.png (2.1KB)
assets/rooms/windows/kitchen.png (665B)
assets/rooms/windows/observatory.png (3.2KB)
assets/rooms/windows/office.png (2.6KB)
assets/rooms/windows/rainforest.png (1.9KB)
assets/rooms/windows/study.png (1.3KB)
assets/rooms/windows/workshop.png (2.3KB)
assets/rooms/workshop.png (1.2MB)
assets/sounds/achievement_dark.wav (97KB)
assets/sounds/achievement.wav (88KB)
assets/sounds/amber_earn_dark.wav (44KB)
assets/sounds/amber_earn.wav (38KB)
assets/sounds/arrival.wav (423KB)
assets/sounds/daily_ready.wav (71KB)
assets/sounds/dialogue_dark.wav (15KB)
assets/sounds/dialogue_peace.wav (14KB)
assets/sounds/dialogue.wav (11KB)
assets/sounds/glitch.wav (33KB)
assets/sounds/hint_dark.wav (40KB)
assets/sounds/hint.wav (40KB)
assets/sounds/invalid_move_dark.wav (35KB)
assets/sounds/invalid_move.wav (23KB)
assets/sounds/letter_select_dark.wav (29KB)
assets/sounds/letter_select_peace.wav (24KB)
assets/sounds/letter_select.wav (21KB)
assets/sounds/midpoint_turn_dark.wav (53KB)
assets/sounds/midpoint_turn.wav (46KB)
assets/sounds/music_bright.wav (794KB)
assets/sounds/music_dark.wav (1.1MB)
assets/sounds/music_dusk.wav (882KB)
assets/sounds/music_peace.wav (1.1MB)
assets/sounds/music_pit_bright.wav (794KB)
assets/sounds/music_pit_dark.wav (1.1MB)
assets/sounds/music_pit_dusk.wav (882KB)
assets/sounds/music_pit_peace.wav (1.1MB)
assets/sounds/music_puzzle_bright.wav (706KB)
assets/sounds/music_puzzle_dark.wav (970KB)
assets/sounds/music_puzzle_dusk.wav (794KB)
assets/sounds/music_puzzle_peace.wav (882KB)
assets/sounds/perfect_dark.wav (159KB)
assets/sounds/perfect_peace.wav (141KB)
assets/sounds/perfect.wav (128KB)
assets/sounds/phase_change_dark.wav (163KB)
assets/sounds/phase_change.wav (159KB)
assets/sounds/pit_devour_dark.wav (31KB)
assets/sounds/pit_devour.wav (29KB)
assets/sounds/star_pop_1_dark.wav (36KB)
assets/sounds/star_pop_1.wav (27KB)
assets/sounds/star_pop_2_dark.wav (36KB)
assets/sounds/star_pop_2.wav (27KB)
assets/sounds/star_pop_3_dark.wav (38KB)
assets/sounds/star_pop_3.wav (29KB)
assets/sounds/story_answer.wav (194KB)
assets/sounds/story_bell.wav (243KB)
assets/sounds/tap_dark.wav (22KB)
assets/sounds/tap.wav (12KB)
assets/sounds/ui_tap_dark.wav (18KB)
assets/sounds/ui_tap.wav (12KB)
assets/sounds/ui_tick_dark.wav (12KB)
assets/sounds/ui_tick.wav (8KB)
assets/sounds/undo_dark.wav (31KB)
assets/sounds/undo.wav (19KB)
assets/sounds/unlock_dark.wav (71KB)
assets/sounds/unlock.wav (68KB)
assets/sounds/valid_move_2_dark.wav (46KB)
assets/sounds/valid_move_2_peace.wav (53KB)
assets/sounds/valid_move_2.wav (38KB)
assets/sounds/valid_move_3_dark.wav (46KB)
assets/sounds/valid_move_3_peace.wav (53KB)
assets/sounds/valid_move_3.wav (38KB)
assets/sounds/valid_move_4_dark.wav (51KB)
assets/sounds/valid_move_4_peace.wav (53KB)
assets/sounds/valid_move_4.wav (38KB)
assets/sounds/valid_move_dark.wav (46KB)
assets/sounds/valid_move_peace.wav (53KB)
assets/sounds/valid_move.wav (38KB)
assets/sounds/victory_dark.wav (128KB)
assets/sounds/victory_peace.wav (115KB)
assets/sounds/victory.wav (97KB)
assets/sounds/whisper.wav (62KB)
assets/story/optimized/kept-table-header.webp (59KB)
assets/story/optimized/kept-table-hero.webp (132KB)
assets/story/optimized/outward-road-header.webp (143KB)
assets/story/optimized/outward-road-hero.webp (312KB)
assets/story/optimized/outward-road-night-hero.webp (231KB)
assets/story/optimized/private-room-header.webp (73KB)
assets/story/optimized/private-room-hero.webp (153KB)
assets/ui/achievements/all_animals.png (8.3KB)
assets/ui/achievements/all_difficulties.png (9.9KB)
assets/ui/achievements/all_rooms.png (12KB)
assets/ui/achievements/amber_1000.png (12KB)
assets/ui/achievements/amber_5000.png (17KB)
assets/ui/achievements/animals_5.png (8.1KB)
assets/ui/achievements/blind_10.png (13KB)
assets/ui/achievements/blind_first.png (9.5KB)
assets/ui/achievements/challenge_10.png (9.4KB)
assets/ui/achievements/challenge_25.png (13KB)
assets/ui/achievements/challenge_50.png (15KB)
assets/ui/achievements/challenge_first.png (9.9KB)
assets/ui/achievements/daily_30.png (12KB)
assets/ui/achievements/daily_7.png (7.9KB)
assets/ui/achievements/daily_first.png (9KB)
assets/ui/achievements/double_15.png (5.1KB)
assets/ui/achievements/double_first.png (13KB)
assets/ui/achievements/expert_25.png (15KB)
assets/ui/achievements/expert_first.png (7.1KB)
assets/ui/achievements/first_animal.png (15KB)
assets/ui/achievements/first_perfect.png (8.8KB)
assets/ui/achievements/first_puzzle.png (6.6KB)
assets/ui/achievements/flawless_25.png (17KB)
assets/ui/achievements/flawless_first.png (11KB)
assets/ui/achievements/hard_10.png (7.7KB)
assets/ui/achievements/lexicon_25.png (6.1KB)
assets/ui/achievements/lexicon_first.png (9.9KB)
assets/ui/achievements/max_stack.png (12KB)
assets/ui/achievements/no_hints_10.png (7.1KB)
assets/ui/achievements/perfect_10.png (8.5KB)
assets/ui/achievements/perfect_25.png (13KB)
assets/ui/achievements/perfect_50.png (19KB)
assets/ui/achievements/phase_1.png (11KB)
assets/ui/achievements/phase_2.png (8.5KB)
assets/ui/achievements/phase_3.png (9.3KB)
assets/ui/achievements/phase_4.png (8.5KB)
assets/ui/achievements/puzzle_10.png (4.5KB)
assets/ui/achievements/puzzle_100.png (9.6KB)
assets/ui/achievements/puzzle_25.png (9.3KB)
assets/ui/achievements/puzzle_250.png (6.2KB)
assets/ui/achievements/puzzle_35.png (9.9KB)
assets/ui/achievements/puzzle_50.png (7KB)
assets/ui/achievements/puzzle_500.png (5.5KB)
assets/ui/achievements/puzzle_750.png (9KB)
assets/ui/achievements/reverse_15.png (10KB)
assets/ui/achievements/reverse_first.png (11KB)
assets/ui/achievements/shared_first.png (7.6KB)
assets/ui/achievements/speed_15.png (9.4KB)
assets/ui/achievements/speed_first.png (13KB)
assets/ui/achievements/streak_100.png (12KB)
assets/ui/achievements/streak_14.png (12KB)
assets/ui/achievements/streak_3.png (10KB)
assets/ui/achievements/streak_30.png (6.6KB)
assets/ui/achievements/streak_60.png (13KB)
assets/ui/achievements/streak_7.png (8.8KB)
assets/ui/achievements/variant_explorer.png (16KB)
assets/ui/alert_pip.png (14KB)
assets/ui/amber.png (20KB)
assets/ui/bell.png (5.3KB)
assets/ui/blind.png (10KB)
assets/ui/book_closed.png (6.5KB)
assets/ui/book_open.png (10KB)
assets/ui/calendar.png (3.4KB)
assets/ui/candle.png (13KB)
assets/ui/check_badge.png (14KB)
assets/ui/check.png (12KB)
assets/ui/chevron.png (11KB)
assets/ui/close.png (12KB)
assets/ui/clover.png (11KB)
assets/ui/cycle_loop.png (14KB)
assets/ui/difficulty/easy.png (14KB)
assets/ui/difficulty/expert.png (14KB)
assets/ui/difficulty/hard.png (16KB)
assets/ui/difficulty/medium_plus.png (14KB)
assets/ui/difficulty/medium.png (15KB)
assets/ui/dove.png (18KB)
assets/ui/emote_candle.png (5.1KB)
assets/ui/emote_eye.png (2.7KB)
assets/ui/emote_fog.png (1.7KB)
assets/ui/emote_heart.png (5.1KB)
assets/ui/emote_note.png (2.6KB)
assets/ui/emote_pale_heart.png (4.9KB)
assets/ui/emote_question.png (3.4KB)
assets/ui/emote_sparkle.png (8.9KB)
assets/ui/emote_tear.png (5.7KB)
assets/ui/emote_thought.png (3.9KB)
assets/ui/emote_void.png (6.3KB)
assets/ui/eye.png (4.9KB)
assets/ui/flame.png (7.1KB)
assets/ui/gear.png (12KB)
assets/ui/hint.png (23KB)
assets/ui/home.png (5.6KB)
assets/ui/hourglass.png (7.4KB)
assets/ui/journal.png (6.6KB)
assets/ui/ledger_quill.png (12KB)
assets/ui/link.png (11KB)
assets/ui/lock_open.png (4.9KB)
assets/ui/lock.png (4.4KB)
assets/ui/menu.png (2.8KB)
assets/ui/moon.png (14KB)
assets/ui/panels/bright/btn_primary_lg_down_l.png (354B)
assets/ui/panels/bright/btn_primary_lg_down_m.png (190B)
assets/ui/panels/bright/btn_primary_lg_down_r.png (360B)
assets/ui/panels/bright/btn_primary_lg_up_l.png (395B)
assets/ui/panels/bright/btn_primary_lg_up_m.png (211B)
assets/ui/panels/bright/btn_primary_lg_up_r.png (389B)
assets/ui/panels/bright/btn_primary_md_down_l.png (294B)
assets/ui/panels/bright/btn_primary_md_down_m.png (172B)
assets/ui/panels/bright/btn_primary_md_down_r.png (296B)
assets/ui/panels/bright/btn_primary_md_up_l.png (338B)
assets/ui/panels/bright/btn_primary_md_up_m.png (194B)
assets/ui/panels/bright/btn_primary_md_up_r.png (334B)
assets/ui/panels/bright/btn_quiet_lg_down_l.png (354B)
assets/ui/panels/bright/btn_quiet_lg_down_m.png (190B)
assets/ui/panels/bright/btn_quiet_lg_down_r.png (361B)
assets/ui/panels/bright/btn_quiet_lg_up_l.png (372B)
assets/ui/panels/bright/btn_quiet_lg_up_m.png (191B)
assets/ui/panels/bright/btn_quiet_lg_up_r.png (374B)
assets/ui/panels/bright/btn_quiet_md_down_l.png (294B)
assets/ui/panels/bright/btn_quiet_md_down_m.png (172B)
assets/ui/panels/bright/btn_quiet_md_down_r.png (296B)
assets/ui/panels/bright/btn_quiet_md_up_l.png (312B)
assets/ui/panels/bright/btn_quiet_md_up_m.png (171B)
assets/ui/panels/bright/btn_quiet_md_up_r.png (315B)
assets/ui/panels/bright/btn_secondary_lg_down_l.png (354B)
assets/ui/panels/bright/btn_secondary_lg_down_m.png (190B)
assets/ui/panels/bright/btn_secondary_lg_down_r.png (360B)
assets/ui/panels/bright/btn_secondary_lg_up_l.png (395B)
assets/ui/panels/bright/btn_secondary_lg_up_m.png (212B)
assets/ui/panels/bright/btn_secondary_lg_up_r.png (391B)
assets/ui/panels/bright/btn_secondary_md_down_l.png (294B)
assets/ui/panels/bright/btn_secondary_md_down_m.png (172B)
assets/ui/panels/bright/btn_secondary_md_down_r.png (296B)
assets/ui/panels/bright/btn_secondary_md_up_l.png (338B)
assets/ui/panels/bright/btn_secondary_md_up_m.png (195B)
assets/ui/panels/bright/btn_secondary_md_up_r.png (334B)
assets/ui/panels/bright/card_bl.png (229B)
assets/ui/panels/bright/card_bottom.png (137B)
assets/ui/panels/bright/card_br.png (218B)
assets/ui/panels/bright/card_left.png (146B)
assets/ui/panels/bright/card_right.png (141B)
assets/ui/panels/bright/card_tl.png (227B)
assets/ui/panels/bright/card_top.png (151B)
assets/ui/panels/bright/card_tr.png (233B)
assets/ui/panels/bright/panel_bl.png (427B)
assets/ui/panels/bright/panel_bottom.png (171B)
assets/ui/panels/bright/panel_br.png (405B)
assets/ui/panels/bright/panel_left.png (184B)
assets/ui/panels/bright/panel_right.png (170B)
assets/ui/panels/bright/panel_tl.png (419B)
assets/ui/panels/bright/panel_top.png (193B)
assets/ui/panels/bright/panel_tr.png (446B)
assets/ui/panels/bright/plaque_l.png (339B)
assets/ui/panels/bright/plaque_m.png (173B)
assets/ui/panels/bright/plaque_r.png (341B)
assets/ui/panels/dark/btn_primary_lg_down_l.png (353B)
assets/ui/panels/dark/btn_primary_lg_down_m.png (188B)
assets/ui/panels/dark/btn_primary_lg_down_r.png (360B)
assets/ui/panels/dark/btn_primary_lg_up_l.png (393B)
assets/ui/panels/dark/btn_primary_lg_up_m.png (210B)
assets/ui/panels/dark/btn_primary_lg_up_r.png (389B)
assets/ui/panels/dark/btn_primary_md_down_l.png (293B)
assets/ui/panels/dark/btn_primary_md_down_m.png (171B)
assets/ui/panels/dark/btn_primary_md_down_r.png (295B)
assets/ui/panels/dark/btn_primary_md_up_l.png (336B)
assets/ui/panels/dark/btn_primary_md_up_m.png (193B)
assets/ui/panels/dark/btn_primary_md_up_r.png (332B)
assets/ui/panels/dark/btn_quiet_lg_down_l.png (348B)
assets/ui/panels/dark/btn_quiet_lg_down_m.png (184B)
assets/ui/panels/dark/btn_quiet_lg_down_r.png (355B)
assets/ui/panels/dark/btn_quiet_lg_up_l.png (368B)
assets/ui/panels/dark/btn_quiet_lg_up_m.png (187B)
assets/ui/panels/dark/btn_quiet_lg_up_r.png (368B)
assets/ui/panels/dark/btn_quiet_md_down_l.png (288B)
assets/ui/panels/dark/btn_quiet_md_down_m.png (167B)
assets/ui/panels/dark/btn_quiet_md_down_r.png (291B)
assets/ui/panels/dark/btn_quiet_md_up_l.png (308B)
assets/ui/panels/dark/btn_quiet_md_up_m.png (168B)
assets/ui/panels/dark/btn_quiet_md_up_r.png (311B)
assets/ui/panels/dark/btn_secondary_lg_down_l.png (350B)
assets/ui/panels/dark/btn_secondary_lg_down_m.png (186B)
assets/ui/panels/dark/btn_secondary_lg_down_r.png (357B)
assets/ui/panels/dark/btn_secondary_lg_up_l.png (387B)
assets/ui/panels/dark/btn_secondary_lg_up_m.png (204B)
assets/ui/panels/dark/btn_secondary_lg_up_r.png (383B)
assets/ui/panels/dark/btn_secondary_md_down_l.png (290B)
assets/ui/panels/dark/btn_secondary_md_down_m.png (168B)
assets/ui/panels/dark/btn_secondary_md_down_r.png (292B)
assets/ui/panels/dark/btn_secondary_md_up_l.png (331B)
assets/ui/panels/dark/btn_secondary_md_up_m.png (187B)
assets/ui/panels/dark/btn_secondary_md_up_r.png (326B)
assets/ui/panels/dark/card_bl.png (218B)
assets/ui/panels/dark/card_bottom.png (131B)
assets/ui/panels/dark/card_br.png (208B)
assets/ui/panels/dark/card_left.png (136B)
assets/ui/panels/dark/card_right.png (136B)
assets/ui/panels/dark/card_tl.png (214B)
assets/ui/panels/dark/card_top.png (138B)
assets/ui/panels/dark/card_tr.png (219B)
assets/ui/panels/dark/panel_bl.png (407B)
assets/ui/panels/dark/panel_bottom.png (164B)
assets/ui/panels/dark/panel_br.png (397B)
assets/ui/panels/dark/panel_left.png (168B)
assets/ui/panels/dark/panel_right.png (163B)
assets/ui/panels/dark/panel_tl.png (400B)
assets/ui/panels/dark/panel_top.png (180B)
assets/ui/panels/dark/panel_tr.png (430B)
assets/ui/panels/dark/plaque_l.png (331B)
assets/ui/panels/dark/plaque_m.png (169B)
assets/ui/panels/dark/plaque_r.png (334B)
assets/ui/panels/dusk/btn_primary_lg_down_l.png (351B)
assets/ui/panels/dusk/btn_primary_lg_down_m.png (187B)
assets/ui/panels/dusk/btn_primary_lg_down_r.png (357B)
assets/ui/panels/dusk/btn_primary_lg_up_l.png (393B)
assets/ui/panels/dusk/btn_primary_lg_up_m.png (209B)
assets/ui/panels/dusk/btn_primary_lg_up_r.png (389B)
assets/ui/panels/dusk/btn_primary_md_down_l.png (291B)
assets/ui/panels/dusk/btn_primary_md_down_m.png (170B)
assets/ui/panels/dusk/btn_primary_md_down_r.png (292B)
assets/ui/panels/dusk/btn_primary_md_up_l.png (336B)
assets/ui/panels/dusk/btn_primary_md_up_m.png (193B)
assets/ui/panels/dusk/btn_primary_md_up_r.png (332B)
assets/ui/panels/dusk/btn_quiet_lg_down_l.png (353B)
assets/ui/panels/dusk/btn_quiet_lg_down_m.png (189B)
assets/ui/panels/dusk/btn_quiet_lg_down_r.png (360B)
assets/ui/panels/dusk/btn_quiet_lg_up_l.png (372B)
assets/ui/panels/dusk/btn_quiet_lg_up_m.png (191B)
assets/ui/panels/dusk/btn_quiet_lg_up_r.png (373B)
assets/ui/panels/dusk/btn_quiet_md_down_l.png (293B)
assets/ui/panels/dusk/btn_quiet_md_down_m.png (172B)
assets/ui/panels/dusk/btn_quiet_md_down_r.png (295B)
assets/ui/panels/dusk/btn_quiet_md_up_l.png (313B)
assets/ui/panels/dusk/btn_quiet_md_up_m.png (172B)
assets/ui/panels/dusk/btn_quiet_md_up_r.png (315B)
assets/ui/panels/dusk/btn_secondary_lg_down_l.png (354B)
assets/ui/panels/dusk/btn_secondary_lg_down_m.png (190B)
assets/ui/panels/dusk/btn_secondary_lg_down_r.png (360B)
assets/ui/panels/dusk/btn_secondary_lg_up_l.png (394B)
assets/ui/panels/dusk/btn_secondary_lg_up_m.png (212B)
assets/ui/panels/dusk/btn_secondary_lg_up_r.png (390B)
assets/ui/panels/dusk/btn_secondary_md_down_l.png (294B)
assets/ui/panels/dusk/btn_secondary_md_down_m.png (172B)
assets/ui/panels/dusk/btn_secondary_md_down_r.png (296B)
assets/ui/panels/dusk/btn_secondary_md_up_l.png (338B)
assets/ui/panels/dusk/btn_secondary_md_up_m.png (195B)
assets/ui/panels/dusk/btn_secondary_md_up_r.png (334B)
assets/ui/panels/dusk/card_bl.png (224B)
assets/ui/panels/dusk/card_bottom.png (135B)
assets/ui/panels/dusk/card_br.png (215B)
assets/ui/panels/dusk/card_left.png (140B)
assets/ui/panels/dusk/card_right.png (140B)
assets/ui/panels/dusk/card_tl.png (218B)
assets/ui/panels/dusk/card_top.png (141B)
assets/ui/panels/dusk/card_tr.png (223B)
assets/ui/panels/dusk/panel_bl.png (413B)
assets/ui/panels/dusk/panel_bottom.png (169B)
assets/ui/panels/dusk/panel_br.png (402B)
assets/ui/panels/dusk/panel_left.png (177B)
assets/ui/panels/dusk/panel_right.png (167B)
assets/ui/panels/dusk/panel_tl.png (407B)
assets/ui/panels/dusk/panel_top.png (186B)
assets/ui/panels/dusk/panel_tr.png (436B)
assets/ui/panels/dusk/plaque_l.png (338B)
assets/ui/panels/dusk/plaque_m.png (172B)
assets/ui/panels/dusk/plaque_r.png (339B)
assets/ui/panels/serene/btn_primary_lg_down_l.png (355B)
assets/ui/panels/serene/btn_primary_lg_down_m.png (190B)
assets/ui/panels/serene/btn_primary_lg_down_r.png (362B)
assets/ui/panels/serene/btn_primary_lg_up_l.png (396B)
assets/ui/panels/serene/btn_primary_lg_up_m.png (213B)
assets/ui/panels/serene/btn_primary_lg_up_r.png (392B)
assets/ui/panels/serene/btn_primary_md_down_l.png (295B)
assets/ui/panels/serene/btn_primary_md_down_m.png (173B)
assets/ui/panels/serene/btn_primary_md_down_r.png (297B)
assets/ui/panels/serene/btn_primary_md_up_l.png (339B)
assets/ui/panels/serene/btn_primary_md_up_m.png (196B)
assets/ui/panels/serene/btn_primary_md_up_r.png (335B)
assets/ui/panels/serene/btn_quiet_lg_down_l.png (349B)
assets/ui/panels/serene/btn_quiet_lg_down_m.png (185B)
assets/ui/panels/serene/btn_quiet_lg_down_r.png (355B)
assets/ui/panels/serene/btn_quiet_lg_up_l.png (369B)
assets/ui/panels/serene/btn_quiet_lg_up_m.png (189B)
assets/ui/panels/serene/btn_quiet_lg_up_r.png (370B)
assets/ui/panels/serene/btn_quiet_md_down_l.png (289B)
assets/ui/panels/serene/btn_quiet_md_down_m.png (167B)
assets/ui/panels/serene/btn_quiet_md_down_r.png (291B)
assets/ui/panels/serene/btn_quiet_md_up_l.png (310B)
assets/ui/panels/serene/btn_quiet_md_up_m.png (170B)
assets/ui/panels/serene/btn_quiet_md_up_r.png (312B)
assets/ui/panels/serene/btn_secondary_lg_down_l.png (351B)
assets/ui/panels/serene/btn_secondary_lg_down_m.png (186B)
assets/ui/panels/serene/btn_secondary_lg_down_r.png (357B)
assets/ui/panels/serene/btn_secondary_lg_up_l.png (386B)
assets/ui/panels/serene/btn_secondary_lg_up_m.png (204B)
assets/ui/panels/serene/btn_secondary_lg_up_r.png (382B)
assets/ui/panels/serene/btn_secondary_md_down_l.png (291B)
assets/ui/panels/serene/btn_secondary_md_down_m.png (169B)
assets/ui/panels/serene/btn_secondary_md_down_r.png (293B)
assets/ui/panels/serene/btn_secondary_md_up_l.png (330B)
assets/ui/panels/serene/btn_secondary_md_up_m.png (187B)
assets/ui/panels/serene/btn_secondary_md_up_r.png (326B)
assets/ui/panels/serene/card_bl.png (222B)
assets/ui/panels/serene/card_bottom.png (133B)
assets/ui/panels/serene/card_br.png (212B)
assets/ui/panels/serene/card_left.png (137B)
assets/ui/panels/serene/card_right.png (137B)
assets/ui/panels/serene/card_tl.png (218B)
assets/ui/panels/serene/card_top.png (141B)
assets/ui/panels/serene/card_tr.png (223B)
assets/ui/panels/serene/panel_bl.png (410B)
assets/ui/panels/serene/panel_bottom.png (166B)
assets/ui/panels/serene/panel_br.png (398B)
assets/ui/panels/serene/panel_left.png (172B)
assets/ui/panels/serene/panel_right.png (165B)
assets/ui/panels/serene/panel_tl.png (402B)
assets/ui/panels/serene/panel_top.png (183B)
assets/ui/panels/serene/panel_tr.png (433B)
assets/ui/panels/serene/plaque_l.png (333B)
assets/ui/panels/serene/plaque_m.png (171B)
assets/ui/panels/serene/plaque_r.png (335B)
assets/ui/panels/storm/btn_primary_lg_down_l.png (352B)
assets/ui/panels/storm/btn_primary_lg_down_m.png (188B)
assets/ui/panels/storm/btn_primary_lg_down_r.png (359B)
assets/ui/panels/storm/btn_primary_lg_up_l.png (394B)
assets/ui/panels/storm/btn_primary_lg_up_m.png (211B)
assets/ui/panels/storm/btn_primary_lg_up_r.png (390B)
assets/ui/panels/storm/btn_primary_md_down_l.png (292B)
assets/ui/panels/storm/btn_primary_md_down_m.png (171B)
assets/ui/panels/storm/btn_primary_md_down_r.png (294B)
assets/ui/panels/storm/btn_primary_md_up_l.png (337B)
assets/ui/panels/storm/btn_primary_md_up_m.png (194B)
assets/ui/panels/storm/btn_primary_md_up_r.png (333B)
assets/ui/panels/storm/btn_quiet_lg_down_l.png (354B)
assets/ui/panels/storm/btn_quiet_lg_down_m.png (189B)
assets/ui/panels/storm/btn_quiet_lg_down_r.png (361B)
assets/ui/panels/storm/btn_quiet_lg_up_l.png (372B)
assets/ui/panels/storm/btn_quiet_lg_up_m.png (191B)
assets/ui/panels/storm/btn_quiet_lg_up_r.png (373B)
assets/ui/panels/storm/btn_quiet_md_down_l.png (294B)
assets/ui/panels/storm/btn_quiet_md_down_m.png (172B)
assets/ui/panels/storm/btn_quiet_md_down_r.png (296B)
assets/ui/panels/storm/btn_quiet_md_up_l.png (312B)
assets/ui/panels/storm/btn_quiet_md_up_m.png (172B)
assets/ui/panels/storm/btn_quiet_md_up_r.png (315B)
assets/ui/panels/storm/btn_secondary_lg_down_l.png (354B)
assets/ui/panels/storm/btn_secondary_lg_down_m.png (189B)
assets/ui/panels/storm/btn_secondary_lg_down_r.png (363B)
assets/ui/panels/storm/btn_secondary_lg_up_l.png (396B)
assets/ui/panels/storm/btn_secondary_lg_up_m.png (212B)
assets/ui/panels/storm/btn_secondary_lg_up_r.png (391B)
assets/ui/panels/storm/btn_secondary_md_down_l.png (294B)
assets/ui/panels/storm/btn_secondary_md_down_m.png (172B)
assets/ui/panels/storm/btn_secondary_md_down_r.png (296B)
assets/ui/panels/storm/btn_secondary_md_up_l.png (339B)
assets/ui/panels/storm/btn_secondary_md_up_m.png (196B)
assets/ui/panels/storm/btn_secondary_md_up_r.png (335B)
assets/ui/panels/storm/card_bl.png (226B)
assets/ui/panels/storm/card_bottom.png (135B)
assets/ui/panels/storm/card_br.png (217B)
assets/ui/panels/storm/card_left.png (141B)
assets/ui/panels/storm/card_right.png (140B)
assets/ui/panels/storm/card_tl.png (219B)
assets/ui/panels/storm/card_top.png (142B)
assets/ui/panels/storm/card_tr.png (226B)
assets/ui/panels/storm/panel_bl.png (414B)
assets/ui/panels/storm/panel_bottom.png (171B)
assets/ui/panels/storm/panel_br.png (403B)
assets/ui/panels/storm/panel_left.png (173B)
assets/ui/panels/storm/panel_right.png (170B)
assets/ui/panels/storm/panel_tl.png (407B)
assets/ui/panels/storm/panel_top.png (185B)
assets/ui/panels/storm/panel_tr.png (437B)
assets/ui/panels/storm/plaque_l.png (336B)
assets/ui/panels/storm/plaque_m.png (171B)
assets/ui/panels/storm/plaque_r.png (338B)
assets/ui/paper_plane.png (7.7KB)
assets/ui/pit.png (10KB)
assets/ui/play.png (8.9KB)
assets/ui/quest.png (24KB)
assets/ui/quests/challenge_mode.png (12KB)
assets/ui/quests/earn_amber.png (8KB)
assets/ui/quests/earn_stars.png (9.2KB)
assets/ui/quests/no_hints.png (4.7KB)
assets/ui/quests/sacrifice_amber.png (12KB)
assets/ui/quests/solve_count.png (12KB)
assets/ui/quests/solve_difficulty.png (8.9KB)
assets/ui/quests/speed_wins.png (9.4KB)
assets/ui/quests/streak_days.png (10KB)
assets/ui/quests/tend_amber.png (12KB)
assets/ui/quests/variant_wins.png (8.8KB)
assets/ui/quests/visit_animals.png (8.3KB)
assets/ui/restart.png (8.7KB)
assets/ui/ribbon.png (14KB)
assets/ui/rules.png (5.9KB)
assets/ui/rules/step_1.png (7KB)
assets/ui/rules/step_2.png (6.6KB)
assets/ui/rules/step_3.png (6.5KB)
assets/ui/rules/step_4.png (7.5KB)
assets/ui/scroll.png (2.5KB)
assets/ui/season_pass.png (9.3KB)
assets/ui/share.png (4.4KB)
assets/ui/shop_sign.png (12KB)
assets/ui/shop/attune_1.png (15KB)
assets/ui/shop/attune_2.png (26KB)
assets/ui/shop/attune_3.png (26KB)
assets/ui/shop/confetti_default.png (15KB)
assets/ui/shop/confetti_dusk.png (13KB)
assets/ui/shop/confetti_eclipse.png (11KB)
assets/ui/shop/confetti_ember.png (9.4KB)
assets/ui/shop/confetti_gold.png (9.5KB)
assets/ui/shop/confetti_season.png (5.2KB)
assets/ui/shop/confetti_sovereign.png (9.8KB)
assets/ui/shop/confetti_supporter.png (9.7KB)
assets/ui/shop/confetti_verdant.png (7.7KB)
assets/ui/shop/deepen_aquarium.png (7.6KB)
assets/ui/shop/deepen_bamboo_attic.png (15KB)
assets/ui/shop/deepen_belfry.png (10KB)
assets/ui/shop/deepen_burrow.png (15KB)
assets/ui/shop/deepen_cozy_den.png (9KB)
assets/ui/shop/deepen_desert_room.png (8.6KB)
assets/ui/shop/deepen_garden.png (9.1KB)
assets/ui/shop/deepen_jungle_room.png (17KB)
assets/ui/shop/deepen_kitchen.png (11KB)
assets/ui/shop/deepen_office.png (13KB)
assets/ui/shop/deepen_sky_garden.png (14KB)
assets/ui/shop/deepen_star_loft.png (7.6KB)
assets/ui/shop/deepen_study.png (9KB)
assets/ui/shop/shop_placeholder.png (8.6KB)
assets/ui/shop/spark_ash.png (18KB)
assets/ui/shop/spark_default.png (18KB)
assets/ui/shop/spark_hearth.png (19KB)
assets/ui/shop/spark_pollen.png (18KB)
assets/ui/shop/spark_saltgrain.png (18KB)
assets/ui/shop/spark_thread.png (21KB)
assets/ui/shop/theme_beeswax.png (10KB)
assets/ui/shop/theme_bone.png (8.8KB)
assets/ui/shop/theme_default.png (9.2KB)
assets/ui/shop/theme_eclipse.png (23KB)
assets/ui/shop/theme_ember.png (14KB)
assets/ui/shop/theme_glasswork.png (18KB)
assets/ui/shop/theme_mothwing.png (12KB)
assets/ui/shop/theme_obsidian.png (16KB)
assets/ui/shop/theme_patron.png (7.4KB)
assets/ui/shop/theme_sovereign.png (10KB)
assets/ui/shop/theme_static.png (11KB)
assets/ui/shop/theme_tide.png (12KB)
assets/ui/shop/theme_verdant.png (11KB)
assets/ui/shop/upgrade_aquarium.png (17KB)
assets/ui/shop/upgrade_bamboo_attic.png (16KB)
assets/ui/shop/upgrade_belfry.png (12KB)
assets/ui/shop/upgrade_burrow.png (16KB)
assets/ui/shop/upgrade_cozy_den.png (10KB)
assets/ui/shop/upgrade_desert_room.png (7.7KB)
assets/ui/shop/upgrade_garden.png (5.1KB)
assets/ui/shop/upgrade_jungle_room.png (14KB)
assets/ui/shop/upgrade_kitchen.png (8.9KB)
assets/ui/shop/upgrade_office.png (11KB)
assets/ui/shop/upgrade_sky_garden.png (17KB)
assets/ui/shop/upgrade_star_loft.png (12KB)
assets/ui/shop/upgrade_study.png (14KB)
assets/ui/skip.png (2.4KB)
assets/ui/speech.png (3.7KB)
assets/ui/spots/ceremony_curious.png (62KB)
assets/ui/spots/ceremony_deeper.png (43KB)
assets/ui/spots/ceremony_shadows.png (62KB)
assets/ui/spots/empty_gallery.png (13KB)
assets/ui/spots/empty_house.png (16KB)
assets/ui/spots/empty_ledger.png (16KB)
assets/ui/spots/gathering.png (14KB)
assets/ui/spots/house_whole.png (22KB)
assets/ui/spots/notice.png (12KB)
assets/ui/spots/shrine.png (22KB)
assets/ui/spots/spilled_ink.png (16KB)
assets/ui/star_bullet.png (7KB)
assets/ui/star_empty.png (11KB)
assets/ui/star_filled.png (14KB)
assets/ui/stats.png (5.9KB)
assets/ui/store/amber_large.png (14KB)
assets/ui/store/amber_medium.png (14KB)
assets/ui/store/amber_small.png (11KB)
assets/ui/store/cosmetic_bundle.png (18KB)
assets/ui/store/daily_amber.png (21KB)
assets/ui/store/hints_large.png (11KB)
assets/ui/store/hints_small.png (13KB)
assets/ui/store/patron_key.png (17KB)
assets/ui/store/remove_ads.png (12KB)
assets/ui/store/season_premium.png (24KB)
assets/ui/store/starter_pack.png (17KB)
assets/ui/store/supporter.png (12KB)
assets/ui/sun.png (9.6KB)
assets/ui/tending.png (12KB)
assets/ui/thought.png (11KB)
assets/ui/trophy.png (23KB)
assets/ui/undo.png (7.9KB)
assets/ui/variant_crescent.png (6.7KB)
assets/ui/variant_double.png (6.2KB)
assets/ui/variant_hole.png (9.3KB)
assets/ui/variant_reverse.png (3.5KB)
assets/ui/variant_speed.png (5.9KB)
assets/ui/variant_standard.png (2.5KB)
assets/ui/variant_swords.png (4.7KB)
assets/ui/variant_tornado.png (4.9KB)
assets/ui/void.png (18KB)
assets/ui/weave.png (5.3KB)
assets/ui/whisper.png (6.2KB)
assets/ui/word_echo.png (13KB)
assets/ui/wordmark.png (302KB)

› android bundles (1):
_expo/static/js/android/AppEntry-1bcd0054c1bf1494636e2c3d2d287d71.hbc (12MB)

› Files (2):
assetmap.json (309KB)
metadata.json (44KB)

Exported: /tmp/wordshift-android-export-completion
