
> wordshift-mobile@1.3.0 test:e2e
> playwright test --grep playing\ the\ final\ CLOSED\ choice\ persists\ its\ boundary\ through\ relaunch$


Running 1 test using 1 worker

(node:175443) Warning: The 'NO_COLOR' env is ignored due to the 'FORCE_COLOR' env being set.
(Use `node --trace-warnings ...` to show where the warning was created)
  ✘  1 e2e/game.spec.ts:274:7 › playing the final CLOSED choice persists its boundary through relaunch (3.0m)


  1) e2e/game.spec.ts:274:7 › playing the final CLOSED choice persists its boundary through relaunch

    Test timeout of 180000ms exceeded.

    Error: locator.click: Test timeout of 180000ms exceeded.
    Call log:
      - waiting for getByRole('button', { name: 'Play puzzle', exact: true })
        - locator resolved to <button role="button" type="button" aria-label="Play puzzle" class="css-view-g5y9jx r-transitionProperty-1i6wzkk r-userSelect-lrvibr r-cursor-1loqt21 r-touchAction-1otgn73 r-alignItems-1awozwy r-borderBottomWidth-r7j6xl r-borderRadius-a1yn9n r-borderWidth-1rf8fdq r-height-1mwlp6a r-justifyContent-1777fci r-paddingInline-3o4zer">…</button>
      - attempting click action
        2 × waiting for element to be visible, enabled and stable
          - element is visible, enabled and stable
          - scrolling into view if needed
          - done scrolling
          - <div class="css-view-g5y9jx r-alignItems-1awozwy r-flexDirection-18u37iz r-justifyContent-17s6mgv">…</div> from <div>…</div> subtree intercepts pointer events
        - retrying click action
        - waiting 20ms
        2 × waiting for element to be visible, enabled and stable
          - element is visible, enabled and stable
          - scrolling into view if needed
          - done scrolling
          - <div class="css-view-g5y9jx r-alignItems-1awozwy r-flexDirection-18u37iz r-justifyContent-17s6mgv">…</div> from <div>…</div> subtree intercepts pointer events
        - retrying click action
          - waiting 100ms
        257 × waiting for element to be visible, enabled and stable
            - element is visible, enabled and stable
            - scrolling into view if needed
            - done scrolling
            - <div class="css-view-g5y9jx r-alignItems-1awozwy r-flexDirection-18u37iz r-justifyContent-17s6mgv">…</div> from <div>…</div> subtree intercepts pointer events
          - retrying click action
            - waiting 500ms


      284 |     });
      285 |     await page.reload({ waitUntil: 'domcontentloaded' });
    > 286 |     await page.getByRole('button', { name: 'Play puzzle', exact: true }).click();
          |                                                                          ^
      287 |     const later = page.getByText('Come back to this', { exact: true });
      288 |     await expect(later).toBeVisible();
      289 |     await later.click();
        at /home/coder/projects/WordShift/mobile/e2e/game.spec.ts:286:74

    attachment #1: screenshot (image/png) ──────────────────────────────────────────────────────────
    test-results/game-playing-the-final-CLO-f7bc3-s-boundary-through-relaunch/test-failed-1.png
    ────────────────────────────────────────────────────────────────────────────────────────────────

    Error Context: test-results/game-playing-the-final-CLO-f7bc3-s-boundary-through-relaunch/error-context.md

    attachment #3: trace (application/zip) ─────────────────────────────────────────────────────────
    test-results/game-playing-the-final-CLO-f7bc3-s-boundary-through-relaunch/trace.zip
    Usage:

        npx playwright show-trace test-results/game-playing-the-final-CLO-f7bc3-s-boundary-through-relaunch/trace.zip

    ────────────────────────────────────────────────────────────────────────────────────────────────

  1 failed
    e2e/game.spec.ts:274:7 › playing the final CLOSED choice persists its boundary through relaunch
